// Jest Snapshot v1, https://goo.gl/fbAQLP

exports[`Mermaid component Render mermaid void diagram 1`] = `
<div
  className="mermaid"
  name="char1"
>
  graph LR;
    A--&gt;B;
    B--&gt;C;
    B--&gt;D[plop lanflz eknlzeknfz];
</div>
`;
